{"id":1014723969841889280,"uuid":"020c2794-e24c-4c78-af8f-f5f4f6cca110","type":"D332948D-A7A9-4E07-B76C-253DCF6E17FB","tenant":{"Name":"RZU0ND","id":"1272639"},"policy":{"id":"FC1E08D9-A52D-4CD6-87A1-76E754D994ED","type":"backup","name":"Liquid Web Default (Daily: 7PM)"},"context":{"MachineName":"cloudvmlb.support.lwtraining.net","ProtectionPlanID":"5C68155B-47EE-05A1-17B2-E5D84B9C4DCF"},"updatedAt":"2020-11-11T19:21:25.305103145Z","state":"completed","startedByUser":"","cancelRequested":false,"kind":0,"result":{"code":"ok","error":{"reason":"","context":{"cause_str":"","effect_str":""}}}}
